
C:\Users\rvn\source\repos\M
odbusForge\ModbusForge\Modb
usForge\Services\Simulation
Service.cs(189,14): error 
CS1513: } expected [C:\User
s\rvn\source\repos\ModbusFo
rge\ModbusForge\ModbusForge
\ModbusForge_o45jsv5w_wpftm
p.csproj]
C:\Users\rvn\source\repos\M
odbusForge\ModbusForge\Modb
usForge\Services\Simulation
Service.cs(189,14): error 
CS1513: } expected [C:\User
s\rvn\source\repos\ModbusFo
rge\ModbusForge\ModbusForge
\ModbusForge_o45jsv5w_wpftm
p.csproj]


