MSBuild version 17.8.3+195e7f5a3 for .NET
  Determining projects to restore...
  All projects are up-to-date for restore.
C:\Users\rvn\source\repos\ModbusForge\ModbusForge\ModbusForge\Services\ModbusService.cs(11,34): error CS0535: 'ModbusService' does not implement interface member 'IAsyncDisposable.DisposeAsync()' [C:\Users\rvn\source\repos\ModbusForge\ModbusForge\ModbusForge\ModbusForge_xsi3paez_wpftmp.csproj]

Build FAILED.

C:\Users\rvn\source\repos\ModbusForge\ModbusForge\ModbusForge\Services\ModbusService.cs(11,34): error CS0535: 'ModbusService' does not implement interface member 'IAsyncDisposable.DisposeAsync()' [C:\Users\rvn\source\repos\ModbusForge\ModbusForge\ModbusForge\ModbusForge_xsi3paez_wpftmp.csproj]
    0 Warning(s)
    1 Error(s)

Time Elapsed 00:00:01.52
